generating 1000 scenes -> data/train
  fov=128px  planes/scene=11  span=+-14.0 DoF
  system=randomised  geometries=all
  10/1000 scenes    18.8s   1.88s/scene  0 errors
  20/1000 scenes    42.1s   2.10s/scene  0 errors
  30/1000 scenes    64.3s   2.14s/scene  0 errors
  40/1000 scenes    82.2s   2.06s/scene  0 errors
  50/1000 scenes   100.7s   2.01s/scene  0 errors
  60/1000 scenes   123.6s   2.06s/scene  0 errors
  70/1000 scenes   153.4s   2.19s/scene  0 errors
  80/1000 scenes   178.9s   2.24s/scene  0 errors
  90/1000 scenes   193.9s   2.15s/scene  0 errors
  100/1000 scenes   226.2s   2.26s/scene  0 errors
  110/1000 scenes   249.7s   2.27s/scene  0 errors
  120/1000 scenes   280.8s   2.34s/scene  0 errors
  130/1000 scenes   306.7s   2.36s/scene  0 errors
  140/1000 scenes   345.8s   2.47s/scene  0 errors
  150/1000 scenes   364.5s   2.43s/scene  0 errors
  160/1000 scenes   381.6s   2.39s/scene  0 errors
  170/1000 scenes   402.4s   2.37s/scene  0 errors
  180/1000 scenes   423.4s   2.35s/scene  0 errors
  190/1000 scenes   447.0s   2.35s/scene  0 errors
  200/1000 scenes   472.0s   2.36s/scene  0 errors
  210/1000 scenes   490.6s   2.34s/scene  0 errors
  220/1000 scenes   519.8s   2.36s/scene  0 errors
  230/1000 scenes   536.4s   2.33s/scene  0 errors
  240/1000 scenes   562.2s   2.34s/scene  0 errors
  250/1000 scenes   581.1s   2.32s/scene  0 errors
  260/1000 scenes   619.3s   2.38s/scene  0 errors
  270/1000 scenes   644.0s   2.39s/scene  0 errors
  280/1000 scenes   668.6s   2.39s/scene  0 errors
  290/1000 scenes   687.3s   2.37s/scene  0 errors
  300/1000 scenes   715.8s   2.39s/scene  0 errors
  310/1000 scenes   747.2s   2.41s/scene  0 errors
  320/1000 scenes   784.0s   2.45s/scene  0 errors
  330/1000 scenes   817.1s   2.48s/scene  0 errors
  340/1000 scenes   841.6s   2.48s/scene  0 errors
  350/1000 scenes   852.0s   2.43s/scene  0 errors
  360/1000 scenes   867.7s   2.41s/scene  0 errors
  370/1000 scenes   893.1s   2.41s/scene  0 errors
  380/1000 scenes   918.5s   2.42s/scene  0 errors
  390/1000 scenes   963.0s   2.47s/scene  0 errors
  400/1000 scenes   998.7s   2.50s/scene  0 errors
  410/1000 scenes  1021.0s   2.49s/scene  0 errors
  420/1000 scenes  1040.6s   2.48s/scene  0 errors
  430/1000 scenes  1068.0s   2.48s/scene  0 errors
  440/1000 scenes  1092.1s   2.48s/scene  0 errors
  450/1000 scenes  1114.8s   2.48s/scene  0 errors
  460/1000 scenes  1140.3s   2.48s/scene  0 errors
  470/1000 scenes  1163.0s   2.47s/scene  0 errors
  480/1000 scenes  1186.1s   2.47s/scene  0 errors
  490/1000 scenes  1204.8s   2.46s/scene  0 errors
  500/1000 scenes  1226.3s   2.45s/scene  0 errors
  510/1000 scenes  1247.1s   2.45s/scene  0 errors
  520/1000 scenes  1259.2s   2.42s/scene  0 errors
  530/1000 scenes  1291.2s   2.44s/scene  0 errors
  540/1000 scenes  1314.8s   2.43s/scene  0 errors
  550/1000 scenes  1342.5s   2.44s/scene  0 errors
  560/1000 scenes  1362.7s   2.43s/scene  0 errors
  570/1000 scenes  1388.8s   2.44s/scene  0 errors
  580/1000 scenes  1410.4s   2.43s/scene  0 errors
  590/1000 scenes  1434.0s   2.43s/scene  0 errors
  600/1000 scenes  1460.9s   2.43s/scene  0 errors
  610/1000 scenes  1489.0s   2.44s/scene  0 errors
  620/1000 scenes  1508.1s   2.43s/scene  0 errors
  630/1000 scenes  1526.2s   2.42s/scene  0 errors
  640/1000 scenes  1543.6s   2.41s/scene  0 errors
  650/1000 scenes  1572.6s   2.42s/scene  0 errors
  660/1000 scenes  1598.1s   2.42s/scene  0 errors
  670/1000 scenes  1629.0s   2.43s/scene  0 errors
  680/1000 scenes  1651.2s   2.43s/scene  0 errors
  690/1000 scenes  1676.3s   2.43s/scene  0 errors
  700/1000 scenes  1695.1s   2.42s/scene  0 errors
  710/1000 scenes  1718.6s   2.42s/scene  0 errors
  720/1000 scenes  1737.8s   2.41s/scene  0 errors
  730/1000 scenes  1761.9s   2.41s/scene  0 errors
  740/1000 scenes  1789.7s   2.42s/scene  0 errors
  750/1000 scenes  1807.7s   2.41s/scene  0 errors
  760/1000 scenes  1825.8s   2.40s/scene  0 errors
  770/1000 scenes  1850.0s   2.40s/scene  0 errors
  780/1000 scenes  1865.4s   2.39s/scene  0 errors
  790/1000 scenes  1893.4s   2.40s/scene  0 errors
  800/1000 scenes  1912.0s   2.39s/scene  0 errors
  810/1000 scenes  1929.6s   2.38s/scene  0 errors
  820/1000 scenes  1953.0s   2.38s/scene  0 errors
  830/1000 scenes  1964.2s   2.37s/scene  0 errors
  840/1000 scenes  1991.0s   2.37s/scene  0 errors
  850/1000 scenes  2028.7s   2.39s/scene  0 errors
  860/1000 scenes  2054.6s   2.39s/scene  0 errors
  870/1000 scenes  2073.2s   2.38s/scene  0 errors
  880/1000 scenes  2095.0s   2.38s/scene  0 errors
  890/1000 scenes  2126.3s   2.39s/scene  0 errors
  900/1000 scenes  2155.1s   2.39s/scene  0 errors
  910/1000 scenes  2169.7s   2.38s/scene  0 errors
  920/1000 scenes  2186.7s   2.38s/scene  0 errors
  930/1000 scenes  2202.1s   2.37s/scene  0 errors
  940/1000 scenes  2225.7s   2.37s/scene  0 errors
  950/1000 scenes  2250.3s   2.37s/scene  0 errors
  960/1000 scenes  2270.7s   2.37s/scene  0 errors
  970/1000 scenes  2285.2s   2.36s/scene  0 errors
  980/1000 scenes  2311.1s   2.36s/scene  0 errors
  990/1000 scenes  2336.8s   2.36s/scene  0 errors
  1000/1000 scenes  2362.3s   2.36s/scene  0 errors
wrote 11000 records in 20 shards to data/train (2362.3s, 0 scene errors)
